[2025-12-21 10:02:25] [INFO] [main.py:13] - === 🤖 Dify 智能助手启动中... ===
[2025-12-21 10:02:26] [INFO] [main.py:20] - ✅ 已连接到应用: 代码思路整理
[2025-12-21 10:02:26] [INFO] [main.py:21] - 📍 运行模式: agent-chat
[2025-12-21 10:02:32] [INFO] [dify_service.py:54] - 发送消息: 早上好... (Files: 0)
[2025-12-21 10:05:11] [INFO] [dify_service.py:54] - 发送消息: 帮我检查当前的项目框架... (Files: 0)
[2025-12-21 10:07:44] [INFO] [dify_service.py:54] - 发送消息: pycharm在哪里可以配置作者信息... (Files: 0)
[2025-12-21 10:15:24] [INFO] [main.py:130] - 程序被用户强制停止 (Ctrl+C)
[2025-12-21 10:15:39] [INFO] [main.py:27] - === 🤖 Dify 智能助手启动中... ===
[2025-12-21 10:15:39] [INFO] [main.py:34] - ✅ 已连接到应用: 代码思路整理
[2025-12-21 10:15:39] [INFO] [main.py:35] - 📍 运行模式: agent-chat
[2025-12-21 10:22:46] [INFO] [dify_service.py:54] - 发送消息: 今天是什么天气... (Files: 0)
[2025-12-21 10:23:13] [INFO] [dify_service.py:54] - 发送消息: 今天是几月几号... (Files: 0)
[2025-12-21 10:23:31] [WARNING] [main.py:168] - Bot 没有返回任何文本内容。
[2025-12-21 10:24:03] [INFO] [dify_service.py:54] - 发送消息: 怎么优化ai返回的信息... (Files: 0)
[2025-12-21 10:26:24] [INFO] [dify_service.py:54] - 发送消息: plantuml流程图的格式输出一位测试... (Files: 0)
[2025-12-21 10:44:16] [INFO] [main.py:174] - 程序被用户强制停止 (Ctrl+C)
[2025-12-21 10:51:40] [INFO] [dify_service.py:54] - 发送消息: 要怎么优化我的代码... (Files: 0)
[2025-12-21 11:05:49] [INFO] [dify_service.py:132] - 开始批量处理 1 个文件...
[2025-12-21 11:05:49] [INFO] [dify_service.py:100] - 正在上传文件: tmpj9uoh4s4.png
[2025-12-21 11:05:49] [INFO] [dify_service.py:111] - ✅ 上传成功 ID: e53c8326-e603-4e19-a926-bfb34aac8203
[2025-12-21 11:06:03] [INFO] [dify_service.py:132] - 开始批量处理 1 个文件...
[2025-12-21 11:06:03] [INFO] [dify_service.py:100] - 正在上传文件: tmpgc_riagm.png
[2025-12-21 11:06:03] [INFO] [dify_service.py:111] - ✅ 上传成功 ID: c9b54c28-6466-4c7d-99d6-ea54412d735b
[2025-12-21 11:06:03] [INFO] [dify_service.py:54] - 发送消息: 分析这个要求... (Files: 1)
[2025-12-21 11:06:39] [INFO] [dify_service.py:132] - 开始批量处理 1 个文件...
[2025-12-21 11:06:39] [INFO] [dify_service.py:100] - 正在上传文件: tmpt1adfv1o.png
[2025-12-21 11:06:40] [INFO] [dify_service.py:111] - ✅ 上传成功 ID: f26225b9-4b8b-4587-8212-14fb7d22ca5f
[2025-12-21 11:20:20] [INFO] [main.py:27] - === 🤖 Dify 智能助手启动中... ===
[2025-12-21 11:20:21] [INFO] [main.py:34] - ✅ 已连接到应用: 代码思路整理
[2025-12-21 11:20:21] [INFO] [main.py:35] - 📍 运行模式: agent-chat
[2025-12-21 11:20:23] [INFO] [main.py:174] - 程序被用户强制停止 (Ctrl+C)
[2025-12-21 11:29:36] [ERROR] [web_ui.py:245] - UI Error: name 'final_files_payload' is not defined
Traceback (most recent call last):
  File "/Users/linkb/PycharmProjects/CVTE_AI_api/web_ui.py", line 215, in <module>
    files=final_files_payload
          ^^^^^^^^^^^^^^^^^^^
NameError: name 'final_files_payload' is not defined. Did you mean: 'final_media_payload'?
[2025-12-21 11:32:58] [INFO] [dify_service.py:54] - 发送消息: 帮我分析这个ppt

--- 文件内容开... (Files: 0)
[2025-12-21 12:13:31] [INFO] [dify_service.py:54] - 发送消息: # CVTE AI API 项目说明文档... (Files: 0)
[2025-12-21 12:14:20] [INFO] [dify_service.py:54] - 发送消息: # CVTE AI API 项目分析报告... (Files: 0)
[2025-12-21 12:16:48] [INFO] [dify_service.py:54] - 发送消息: 重新输出... (Files: 0)
[2025-12-21 12:18:07] [INFO] [dify_service.py:54] - 发送消息: 输出为。md格式... (Files: 0)
[2025-12-21 12:19:26] [INFO] [dify_service.py:54] - 发送消息: 输出为.md格式... (Files: 0)
[2025-12-21 12:22:58] [INFO] [dify_service.py:54] - 发送消息: 怎么才能生成requirements.t... (Files: 0)
[2025-12-21 12:30:03] [INFO] [dify_service.py:54] - 发送消息: 如何生成requirements.txt... (Files: 0)
[2025-12-21 13:08:20] [INFO] [dify_service.py:54] - 发送消息: 十个月的宝宝可以玩什么玩具... (Files: 0)
[2025-12-21 13:09:26] [INFO] [dify_service.py:54] - 发送消息: 十个月的宝宝可以玩什么玩具... (Files: 0)
[2025-12-21 13:12:15] [INFO] [dify_service.py:54] - 发送消息: # web_ui.py
import s... (Files: 0)
[2025-12-21 13:15:04] [INFO] [dify_service.py:54] - 发送消息: # web_ui.py
import s... (Files: 0)
[2025-12-21 13:17:45] [INFO] [dify_service.py:54] - 发送消息: # web_ui.py
import s... (Files: 0)
[2025-12-21 13:21:22] [INFO] [dify_service.py:54] - 发送消息: 请你输出完整的代码... (Files: 0)
[2025-12-21 13:23:22] [INFO] [dify_service.py:54] - 发送消息: # web_ui.py
import s... (Files: 0)
[2025-12-21 13:24:22] [INFO] [dify_service.py:54] - 发送消息: # web_ui.py
import s... (Files: 0)
[2025-12-21 13:26:02] [INFO] [dify_service.py:54] - 发送消息: # utils/file_parser.... (Files: 0)
[2025-12-21 13:32:35] [INFO] [dify_service.py:54] - 发送消息: # utils/file_parser.... (Files: 0)
